<html>
<body>
<pre>
<h1>µVision Build Log</h1>
<h2>Project:</h2>
C:\Users\Jacob\Documents\GitHub\danglos\ContextSwitch\ContexSW.uvproj
Project File Date:  03/05/2013

<h2>Output:</h2>
Rebuild target 'Contex Switch RAM'
assembling startup_LPC17xx.s...
compiling uart_polling.c...
compiling Retarget.c...
compiling system_LPC17xx.c...
compiling main_svc.c...
compiling process.c...
src\process.c(188): error:  #20: identifier "ERR_PROC_BAD_PID" is undefined
compiling HAL.c...
compiling mmu.c...
compiling p_queue.c...
compiling timer.c...
compiling usr_proc.c...
Target not created
Rebuild target 'Contex Switch RAM'
assembling startup_LPC17xx.s...
compiling uart_polling.c...
compiling Retarget.c...
compiling system_LPC17xx.c...
compiling main_svc.c...
compiling process.c...
src\process.c(188): error:  #20: identifier "ERR_PROC_BAD_PID" is undefined
compiling HAL.c...
compiling mmu.c...
compiling p_queue.c...
compiling timer.c...
compiling usr_proc.c...
Target not created
Rebuild target 'Contex Switch RAM'
assembling startup_LPC17xx.s...
compiling uart_polling.c...
compiling Retarget.c...
compiling system_LPC17xx.c...
compiling main_svc.c...
compiling process.c...
src\process.c(188): error:  #20: identifier "ERR_PROC_BAD_PID" is undefined
compiling HAL.c...
compiling mmu.c...
compiling p_queue.c...
compiling timer.c...
compiling usr_proc.c...
Target not created
Build target 'Contex Switch RAM'
compiling process.c...
linking...
Program Size: Code=3888 RO-data=248 RW-data=40 ZI-data=1000  
".\RAM\ContexSW.axf" - 0 Error(s), 0 Warning(s).
Build target 'Contex Switch RAM'
compiling timer.c...
src\timer.c(12): error:  #20: identifier "g_timer" is undefined
compiling msg.c...
src\msg.c(7): error:  #20: identifier "volatileint" is undefined
src\msg.c(43): warning:  #223-D: function "release_processor" declared implicitly
src\msg.c(73): warning:  #223-D: function "release_processor" declared implicitly
Target not created
Rebuild target 'Contex Switch RAM'
assembling startup_LPC17xx.s...
compiling uart_polling.c...
compiling Retarget.c...
compiling system_LPC17xx.c...
compiling main_svc.c...
compiling process.c...
compiling HAL.c...
compiling mmu.c...
compiling p_queue.c...
compiling timer.c...
src\timer.c(12): error:  #20: identifier "g_timer" is undefined
compiling msg.c...
src\msg.c(43): warning:  #223-D: function "release_processor" declared implicitly
src\msg.c(73): warning:  #223-D: function "release_processor" declared implicitly
compiling usr_proc.c...
Target not created
Rebuild target 'Contex Switch RAM'
assembling startup_LPC17xx.s...
compiling uart_polling.c...
compiling Retarget.c...
compiling system_LPC17xx.c...
compiling main_svc.c...
compiling process.c...
compiling HAL.c...
compiling mmu.c...
compiling p_queue.c...
compiling timer.c...
compiling msg.c...
src\msg.c(43): warning:  #223-D: function "release_processor" declared implicitly
src\msg.c(73): warning:  #223-D: function "release_processor" declared implicitly
compiling usr_proc.c...
linking...
.\RAM\ContexSW.axf: Error: L6200E: Symbol rg_all_processes multiply defined (by msg.o and process.o).
.\RAM\ContexSW.axf: Error: L6200E: Symbol priority_queue multiply defined (by msg.o and process.o).
.\RAM\ContexSW.axf: Error: L6200E: Symbol blocked_queue multiply defined (by msg.o and process.o).
.\RAM\ContexSW.axf: Error: L6200E: Symbol gp_current_process multiply defined (by msg.o and process.o).
Target not created
Rebuild target 'Contex Switch RAM'
assembling startup_LPC17xx.s...
compiling uart_polling.c...
compiling Retarget.c...
compiling system_LPC17xx.c...
compiling main_svc.c...
compiling process.c...
compiling HAL.c...
compiling mmu.c...
compiling p_queue.c...
compiling timer.c...
compiling msg.c...
src\msg.c(43): warning:  #223-D: function "release_processor" declared implicitly
src\msg.c(73): warning:  #223-D: function "release_processor" declared implicitly
compiling usr_proc.c...
linking...
.\RAM\ContexSW.axf: Error: L6200E: Symbol rg_all_processes multiply defined (by msg.o and process.o).
.\RAM\ContexSW.axf: Error: L6200E: Symbol priority_queue multiply defined (by msg.o and process.o).
.\RAM\ContexSW.axf: Error: L6200E: Symbol blocked_queue multiply defined (by msg.o and process.o).
.\RAM\ContexSW.axf: Error: L6200E: Symbol gp_current_process multiply defined (by msg.o and process.o).
Target not created
Rebuild target 'Contex Switch RAM'
assembling startup_LPC17xx.s...
compiling uart_polling.c...
compiling Retarget.c...
compiling system_LPC17xx.c...
compiling main_svc.c...
compiling process.c...
compiling HAL.c...
compiling mmu.c...
compiling p_queue.c...
compiling timer.c...
compiling msg.c...
src\msg.c(43): warning:  #223-D: function "k_release_processor" declared implicitly
src\msg.c(73): warning:  #223-D: function "release_processor" declared implicitly
compiling usr_proc.c...
linking...
.\RAM\ContexSW.axf: Error: L6200E: Symbol rg_all_processes multiply defined (by msg.o and process.o).
.\RAM\ContexSW.axf: Error: L6200E: Symbol priority_queue multiply defined (by msg.o and process.o).
.\RAM\ContexSW.axf: Error: L6200E: Symbol blocked_queue multiply defined (by msg.o and process.o).
.\RAM\ContexSW.axf: Error: L6200E: Symbol gp_current_process multiply defined (by msg.o and process.o).
Target not created
Rebuild target 'Contex Switch RAM'
assembling startup_LPC17xx.s...
compiling uart_polling.c...
compiling Retarget.c...
compiling system_LPC17xx.c...
compiling main_svc.c...
compiling process.c...
compiling HAL.c...
compiling mmu.c...
compiling p_queue.c...
compiling timer.c...
compiling msg.c...
src\msg.c(43): warning:  #223-D: function "k_release_processor" declared implicitly
src\msg.c(73): warning:  #223-D: function "k_release_processor" declared implicitly
compiling usr_proc.c...
linking...
.\RAM\ContexSW.axf: Error: L6200E: Symbol rg_all_processes multiply defined (by msg.o and process.o).
.\RAM\ContexSW.axf: Error: L6200E: Symbol priority_queue multiply defined (by msg.o and process.o).
.\RAM\ContexSW.axf: Error: L6200E: Symbol blocked_queue multiply defined (by msg.o and process.o).
.\RAM\ContexSW.axf: Error: L6200E: Symbol gp_current_process multiply defined (by msg.o and process.o).
Target not created
Rebuild target 'Contex Switch RAM'
assembling startup_LPC17xx.s...
compiling uart_polling.c...
compiling Retarget.c...
compiling system_LPC17xx.c...
compiling main_svc.c...
compiling process.c...
compiling HAL.c...
compiling mmu.c...
compiling p_queue.c...
compiling timer.c...
compiling msg.c...
src\msg.c(73): warning:  #223-D: function "k_release_processor" declared implicitly
compiling usr_proc.c...
linking...
.\RAM\ContexSW.axf: Error: L6200E: Symbol rg_all_processes multiply defined (by msg.o and process.o).
.\RAM\ContexSW.axf: Error: L6200E: Symbol priority_queue multiply defined (by msg.o and process.o).
.\RAM\ContexSW.axf: Error: L6200E: Symbol blocked_queue multiply defined (by msg.o and process.o).
.\RAM\ContexSW.axf: Error: L6200E: Symbol gp_current_process multiply defined (by msg.o and process.o).
Target not created
Rebuild target 'Contex Switch RAM'
assembling startup_LPC17xx.s...
compiling uart_polling.c...
compiling Retarget.c...
compiling system_LPC17xx.c...
compiling main_svc.c...
compiling process.c...
compiling HAL.c...
compiling mmu.c...
compiling p_queue.c...
compiling timer.c...
compiling msg.c...
compiling usr_proc.c...
linking...
.\RAM\ContexSW.axf: Error: L6200E: Symbol rg_all_processes multiply defined (by msg.o and process.o).
.\RAM\ContexSW.axf: Error: L6200E: Symbol priority_queue multiply defined (by msg.o and process.o).
.\RAM\ContexSW.axf: Error: L6200E: Symbol blocked_queue multiply defined (by msg.o and process.o).
.\RAM\ContexSW.axf: Error: L6200E: Symbol gp_current_process multiply defined (by msg.o and process.o).
Target not created
Build target 'Contex Switch RAM'
compiling msg.c...
src\msg.c(5): error:  #20: identifier "NUM_PROCESSES" is undefined
src\msg.c(6): error:  #20: identifier "uint32_t" is undefined
error type>(26): error:  #20: identifier "pcb_t" is undefined
src\msg.c(26): error:  #20: identifier "recipient" is undefined
src\msg.c(28): warning:  #223-D: function "process_valid_pid" declared implicitly
src\msg.c(32): error:  #20: identifier "rg_all_processes" is undefined
src\msg.c(33): warning:  #223-D: function "process_get_pid" declared implicitly
src\msg.c(37): error:  #20: identifier "MSG_BLOCKED" is undefined
src\msg.c(39): warning:  #223-D: function "k_set_msg_blocked" declared implicitly
src\msg.c(40): error:  #20: identifier "gp_current_process" is undefined
src\msg.c(42): warning:  #223-D: function "k_release_process" declared implicitly
src\msg.c(59): warning:  #223-D: function "process_get_pid" declared implicitly
src\msg.c(71): warning:  #223-D: function "k_set_msg_blocked" declared implicitly
src\msg.c(71): error:  #20: identifier "gp_current_process" is undefined
src\msg.c(72): warning:  #223-D: function "k_release_process" declared implicitly
Target not created
Rebuild target 'Contex Switch RAM'
assembling startup_LPC17xx.s...
compiling uart_polling.c...
compiling Retarget.c...
compiling system_LPC17xx.c...
compiling main_svc.c...
compiling process.c...
compiling HAL.c...
compiling mmu.c...
compiling p_queue.c...
compiling timer.c...
compiling msg.c...
compiling usr_proc.c...
linking...
.\RAM\ContexSW.axf: Error: L6200E: Symbol rg_all_processes multiply defined (by msg.o and process.o).
.\RAM\ContexSW.axf: Error: L6200E: Symbol priority_queue multiply defined (by msg.o and process.o).
.\RAM\ContexSW.axf: Error: L6200E: Symbol blocked_queue multiply defined (by msg.o and process.o).
.\RAM\ContexSW.axf: Error: L6200E: Symbol gp_current_process multiply defined (by msg.o and process.o).
Target not created
Rebuild target 'Contex Switch RAM'
assembling startup_LPC17xx.s...
compiling uart_polling.c...
compiling Retarget.c...
compiling system_LPC17xx.c...
compiling main_svc.c...
compiling process.c...
compiling HAL.c...
compiling mmu.c...
compiling p_queue.c...
compiling timer.c...
compiling msg.c...
compiling usr_proc.c...
linking...
.\RAM\ContexSW.axf: Error: L6200E: Symbol priority_queue multiply defined (by msg.o and process.o).
.\RAM\ContexSW.axf: Error: L6200E: Symbol blocked_queue multiply defined (by msg.o and process.o).
Target not created
Rebuild target 'Contex Switch RAM'
assembling startup_LPC17xx.s...
compiling uart_polling.c...
compiling Retarget.c...
compiling system_LPC17xx.c...
compiling main_svc.c...
compiling process.c...
compiling HAL.c...
compiling mmu.c...
compiling p_queue.c...
compiling timer.c...
compiling msg.c...
compiling usr_proc.c...
linking...
.\RAM\ContexSW.axf: Error: L6218E: Undefined symbol k_release_process (referred from msg.o).
.\RAM\ContexSW.axf: Error: L6218E: Undefined symbol q_dequeue (referred from msg.o).
.\RAM\ContexSW.axf: Error: L6218E: Undefined symbol q_enqueue (referred from msg.o).
Target not created
Rebuild target 'Contex Switch RAM'
assembling startup_LPC17xx.s...
compiling uart_polling.c...
compiling Retarget.c...
compiling system_LPC17xx.c...
compiling main_svc.c...
compiling process.c...
compiling HAL.c...
compiling mmu.c...
compiling p_queue.c...
compiling timer.c...
compiling msg.c...
compiling usr_proc.c...
linking...
.\RAM\ContexSW.axf: Error: L6218E: Undefined symbol k_release_process (referred from msg.o).
.\RAM\ContexSW.axf: Error: L6218E: Undefined symbol q_dequeue (referred from msg.o).
.\RAM\ContexSW.axf: Error: L6218E: Undefined symbol q_enqueue (referred from msg.o).
Target not created
