<html>
<body>
<pre>
<h1>µVision Build Log</h1>
<h2>Project:</h2>
C:\Users\kalsig\Documents\GitHub\danglos\ContextSwitch\ContexSW.uvproj
Project File Date:  02/02/2013

<h2>Output:</h2>
Rebuild target 'Contex Switch RAM'
assembling startup_LPC17xx.s...
compiling uart_polling.c...
compiling Retarget.c...
compiling system_LPC17xx.c...
compiling main_svc.c...
compiling process.c...
src\process.c(12): error:  #5: cannot open source input file "debug_print.h": No such file or directory
compiling HAL.c...
compiling mmu.c...
compiling p_queue.c...
compiling usr_proc.c...
src\usr_proc.c(106): warning:  #223-D: function "mems_request_memory_block" declared implicitly
src\usr_proc.c(106): error:  #513: a value of type "int" cannot be assigned to an entity of type "void *"
Target not created
Rebuild target 'Contex Switch RAM'
assembling startup_LPC17xx.s...
compiling uart_polling.c...
compiling Retarget.c...
compiling system_LPC17xx.c...
compiling main_svc.c...
compiling process.c...
src\process.c(12): error:  #5: cannot open source input file "debug_print.h": No such file or directory
compiling HAL.c...
compiling mmu.c...
compiling p_queue.c...
compiling usr_proc.c...
src\usr_proc.c(106): warning:  #223-D: function "mems_request_memory_block" declared implicitly
src\usr_proc.c(115): error:  #167: argument of type "int" is incompatible with parameter of type "void *"
Target not created
Rebuild target 'Contex Switch RAM'
assembling startup_LPC17xx.s...
compiling uart_polling.c...
compiling Retarget.c...
compiling system_LPC17xx.c...
compiling main_svc.c...
compiling process.c...
src\process.c(12): error:  #5: cannot open source input file "debug_print.h": No such file or directory
compiling HAL.c...
compiling mmu.c...
compiling p_queue.c...
compiling usr_proc.c...
src\usr_proc.c(106): warning:  #223-D: function "mems_request_memory_block" declared implicitly
Target not created
Rebuild target 'Contex Switch RAM'
assembling startup_LPC17xx.s...
compiling uart_polling.c...
compiling Retarget.c...
compiling system_LPC17xx.c...
compiling main_svc.c...
compiling process.c...
src\process.c(12): error:  #5: cannot open source input file "debug_print.h": No such file or directory
compiling HAL.c...
compiling mmu.c...
compiling p_queue.c...
compiling usr_proc.c...
src\usr_proc.c(106): warning:  #223-D: function "mems_request_memory_block" declared implicitly
Target not created
Rebuild target 'Contex Switch RAM'
assembling startup_LPC17xx.s...
compiling uart_polling.c...
compiling Retarget.c...
compiling system_LPC17xx.c...
compiling main_svc.c...
compiling process.c...
compiling HAL.c...
compiling mmu.c...
compiling p_queue.c...
compiling usr_proc.c...
src\usr_proc.c(106): warning:  #223-D: function "mems_request_memory_block" declared implicitly
linking...
.\RAM\ContexSW.axf: Error: L6218E: Undefined symbol mems_request_memory_block (referred from usr_proc.o).
Target not created
Rebuild target 'Contex Switch RAM'
assembling startup_LPC17xx.s...
compiling uart_polling.c...
compiling Retarget.c...
compiling system_LPC17xx.c...
compiling main_svc.c...
compiling process.c...
compiling HAL.c...
compiling mmu.c...
compiling p_queue.c...
compiling usr_proc.c...
src\usr_proc.c(106): error:  #513: a value of type "void *" cannot be assigned to an entity of type "int"
Target not created
Rebuild target 'Contex Switch RAM'
assembling startup_LPC17xx.s...
compiling uart_polling.c...
compiling Retarget.c...
compiling system_LPC17xx.c...
compiling main_svc.c...
compiling process.c...
compiling HAL.c...
compiling mmu.c...
compiling p_queue.c...
compiling usr_proc.c...
linking...
Program Size: Code=3568 RO-data=248 RW-data=36 ZI-data=972  
".\RAM\ContexSW.axf" - 0 Error(s), 0 Warning(s).
