ARM Linker, 5.02 [Build 28] [MDK-ARM Lite]

==============================================================================

Section Cross References

    startup_lpc17xx.o(STACK) refers (Special) to heapauxi.o(.text) for __use_two_region_memory
    startup_lpc17xx.o(HEAP) refers (Special) to heapauxi.o(.text) for __use_two_region_memory
    startup_lpc17xx.o(RESET) refers (Special) to heapauxi.o(.text) for __use_two_region_memory
    startup_lpc17xx.o(RESET) refers to startup_lpc17xx.o(STACK) for __initial_sp
    startup_lpc17xx.o(RESET) refers to startup_lpc17xx.o(.text) for Reset_Handler
    startup_lpc17xx.o(RESET) refers to hal.o(.emb_text) for SVC_Handler
    startup_lpc17xx.o(RESET) refers to timer.o(.emb_text) for TIMER0_IRQHandler
    startup_lpc17xx.o(.ARM.__at_0x02FC) refers (Special) to heapauxi.o(.text) for __use_two_region_memory
    startup_lpc17xx.o(.text) refers (Special) to heapauxi.o(.text) for __use_two_region_memory
    startup_lpc17xx.o(.text) refers to __main.o(!!!main) for __main
    startup_lpc17xx.o(.text) refers to startup_lpc17xx.o(HEAP) for Heap_Mem
    startup_lpc17xx.o(.text) refers to startup_lpc17xx.o(STACK) for Stack_Mem
    retarget.o(.text) refers (Special) to use_no_semi.o(.text) for __use_no_semihosting_swi
    retarget.o(.text) refers to uart_polling.o(.text) for uart_put_char
    retarget.o(.data) refers (Special) to use_no_semi.o(.text) for __use_no_semihosting_swi
    system_lpc17xx.o(.text) refers to system_lpc17xx.o(.data) for SystemFrequency
    main_svc.o(.text) refers to system_lpc17xx.o(.text) for SystemInit
    main_svc.o(.text) refers to uart_polling.o(.text) for uart_init
    main_svc.o(.text) refers to timer.o(.text) for timer_init
    main_svc.o(.text) refers to mmu.o(.text) for initMemory
    main_svc.o(.text) refers to process.o(.text) for initProcesses
    process.o(.text) refers to uart_polling.o(.text) for uart_put_string
    process.o(.text) refers to mmu.o(.text) for s_request_memory_block
    process.o(.text) refers to p_queue.o(.text) for pq_front
    process.o(.text) refers to hal.o(.emb_text) for __rte
    process.o(.text) refers to process.o(.data) for GROUP_SIGNATURE
    process.o(.text) refers to process.o(.bss) for processes
    process.o(.text) refers to usr_proc.o(.text) for null_proc
    process.o(.data) refers to process.o(.conststring) for .conststring
    mmu.o(.text) refers to mmu.o(.bss) for table
    mmu.o(.text) refers to process.o(.text) for k_block_and_release_processor
    timer.o(.emb_text) refers to timer.o(.text) for c_TIMER0_IRQHandler
    timer.o(.text) refers to timer.o(.data) for g_clock
    msg.o(.text) refers to process.o(.text) for process_valid_pid
    msg.o(.text) refers to msg.o(.bss) for inboxes
    msg.o(.text) refers to process.o(.bss) for rg_all_processes
    msg.o(.text) refers to process.o(.data) for gp_current_process
    usr_proc.o(.text) refers to uart_polling.o(.text) for uart_put_string
    usr_proc.o(.text) refers to process.o(.text) for debugPrint
    usr_proc.o(.text) refers to mmu.o(.text) for s_request_memory_block
    usr_proc.o(.text) refers to usr_proc.o(.data) for i
    __main.o(!!!main) refers to rtentry.o(.ARM.Collect$$rtentry$$00000000) for __rt_entry
    rtentry.o(.ARM.Collect$$rtentry$$00000000) refers (Special) to rtentry2.o(.ARM.Collect$$rtentry$$0000000A) for __rt_entry_li
    rtentry.o(.ARM.Collect$$rtentry$$00000000) refers (Special) to rtentry2.o(.ARM.Collect$$rtentry$$0000000D) for __rt_entry_main
    rtentry.o(.ARM.Collect$$rtentry$$00000000) refers (Special) to rtentry2.o(.ARM.Collect$$rtentry$$0000000C) for __rt_entry_postli_1
    rtentry.o(.ARM.Collect$$rtentry$$00000000) refers (Special) to rtentry2.o(.ARM.Collect$$rtentry$$00000009) for __rt_entry_postsh_1
    rtentry.o(.ARM.Collect$$rtentry$$00000000) refers (Special) to rtentry2.o(.ARM.Collect$$rtentry$$00000002) for __rt_entry_presh_1
    rtentry.o(.ARM.Collect$$rtentry$$00000000) refers (Special) to rtentry4.o(.ARM.Collect$$rtentry$$00000004) for __rt_entry_sh
    rtentry2.o(.ARM.Collect$$rtentry$$00000008) refers to boardinit2.o(.text) for _platform_post_stackheap_init
    rtentry2.o(.ARM.Collect$$rtentry$$0000000A) refers to libinit.o(.ARM.Collect$$libinit$$00000000) for __rt_lib_init
    rtentry2.o(.ARM.Collect$$rtentry$$0000000B) refers to boardinit3.o(.text) for _platform_post_lib_init
    rtentry2.o(.ARM.Collect$$rtentry$$0000000D) refers to main_svc.o(.text) for main
    rtentry2.o(.ARM.Collect$$rtentry$$0000000D) refers to exit.o(.text) for exit
    rtentry2.o(.ARM.exidx) refers to rtentry2.o(.ARM.Collect$$rtentry$$00000001) for .ARM.Collect$$rtentry$$00000001
    rtentry2.o(.ARM.exidx) refers to rtentry2.o(.ARM.Collect$$rtentry$$00000008) for .ARM.Collect$$rtentry$$00000008
    rtentry2.o(.ARM.exidx) refers to rtentry2.o(.ARM.Collect$$rtentry$$0000000A) for .ARM.Collect$$rtentry$$0000000A
    rtentry2.o(.ARM.exidx) refers to rtentry2.o(.ARM.Collect$$rtentry$$0000000B) for .ARM.Collect$$rtentry$$0000000B
    rtentry2.o(.ARM.exidx) refers to rtentry2.o(.ARM.Collect$$rtentry$$0000000D) for .ARM.Collect$$rtentry$$0000000D
    rtentry4.o(.ARM.Collect$$rtentry$$00000004) refers to sys_stackheap_outer.o(.text) for __user_setup_stackheap
    rtentry4.o(.ARM.exidx) refers to rtentry4.o(.ARM.Collect$$rtentry$$00000004) for .ARM.Collect$$rtentry$$00000004
    sys_stackheap_outer.o(.text) refers to libspace.o(.text) for __user_perproc_libspace
    sys_stackheap_outer.o(.text) refers to startup_lpc17xx.o(.text) for __user_initial_stackheap
    exit.o(.text) refers to rtexit.o(.ARM.Collect$$rtexit$$00000000) for __rt_exit
    libinit.o(.ARM.Collect$$libinit$$00000000) refers (Special) to libinit2.o(.ARM.Collect$$libinit$$0000002C) for __rt_lib_init_alloca_1
    libinit.o(.ARM.Collect$$libinit$$00000000) refers (Special) to libinit2.o(.ARM.Collect$$libinit$$0000002A) for __rt_lib_init_argv_1
    libinit.o(.ARM.Collect$$libinit$$00000000) refers (Special) to libinit2.o(.ARM.Collect$$libinit$$00000019) for __rt_lib_init_atexit_1
    libinit.o(.ARM.Collect$$libinit$$00000000) refers (Special) to libinit2.o(.ARM.Collect$$libinit$$0000001F) for __rt_lib_init_clock_1
    libinit.o(.ARM.Collect$$libinit$$00000000) refers (Special) to libinit2.o(.ARM.Collect$$libinit$$00000030) for __rt_lib_init_cpp_1
    libinit.o(.ARM.Collect$$libinit$$00000000) refers (Special) to libinit2.o(.ARM.Collect$$libinit$$0000002E) for __rt_lib_init_exceptions_1
    libinit.o(.ARM.Collect$$libinit$$00000000) refers (Special) to libinit2.o(.ARM.Collect$$libinit$$00000002) for __rt_lib_init_fp_1
    libinit.o(.ARM.Collect$$libinit$$00000000) refers (Special) to libinit2.o(.ARM.Collect$$libinit$$0000001D) for __rt_lib_init_fp_trap_1
    libinit.o(.ARM.Collect$$libinit$$00000000) refers (Special) to libinit2.o(.ARM.Collect$$libinit$$00000021) for __rt_lib_init_getenv_1
    libinit.o(.ARM.Collect$$libinit$$00000000) refers (Special) to libinit2.o(.ARM.Collect$$libinit$$00000008) for __rt_lib_init_heap_1
    libinit.o(.ARM.Collect$$libinit$$00000000) refers (Special) to libinit2.o(.ARM.Collect$$libinit$$0000000F) for __rt_lib_init_lc_collate_1
    libinit.o(.ARM.Collect$$libinit$$00000000) refers (Special) to libinit2.o(.ARM.Collect$$libinit$$00000011) for __rt_lib_init_lc_ctype_1
    libinit.o(.ARM.Collect$$libinit$$00000000) refers (Special) to libinit2.o(.ARM.Collect$$libinit$$00000013) for __rt_lib_init_lc_monetary_1
    libinit.o(.ARM.Collect$$libinit$$00000000) refers (Special) to libinit2.o(.ARM.Collect$$libinit$$00000015) for __rt_lib_init_lc_numeric_1
    libinit.o(.ARM.Collect$$libinit$$00000000) refers (Special) to libinit2.o(.ARM.Collect$$libinit$$00000017) for __rt_lib_init_lc_time_1
    libinit.o(.ARM.Collect$$libinit$$00000000) refers (Special) to libinit2.o(.ARM.Collect$$libinit$$0000000C) for __rt_lib_init_rand_1
    libinit.o(.ARM.Collect$$libinit$$00000000) refers (Special) to libinit2.o(.ARM.Collect$$libinit$$00000031) for __rt_lib_init_return
    libinit.o(.ARM.Collect$$libinit$$00000000) refers (Special) to libinit2.o(.ARM.Collect$$libinit$$0000001B) for __rt_lib_init_signal_1
    libinit.o(.ARM.Collect$$libinit$$00000000) refers (Special) to libinit2.o(.ARM.Collect$$libinit$$00000023) for __rt_lib_init_stdio_1
    libinit.o(.ARM.Collect$$libinit$$00000000) refers (Special) to libinit2.o(.ARM.Collect$$libinit$$0000000A) for __rt_lib_init_user_alloc_1
    libspace.o(.text) refers to libspace.o(.bss) for __libspace_start
    rtexit.o(.ARM.Collect$$rtexit$$00000000) refers (Special) to rtexit2.o(.ARM.Collect$$rtexit$$00000004) for __rt_exit_exit
    rtexit.o(.ARM.Collect$$rtexit$$00000000) refers (Special) to rtexit2.o(.ARM.Collect$$rtexit$$00000003) for __rt_exit_ls
    rtexit.o(.ARM.Collect$$rtexit$$00000000) refers (Special) to rtexit2.o(.ARM.Collect$$rtexit$$00000002) for __rt_exit_prels_1
    rtexit.o(.ARM.exidx) refers (Special) to rtexit2.o(.ARM.Collect$$rtexit$$00000004) for __rt_exit_exit
    rtexit.o(.ARM.exidx) refers (Special) to rtexit2.o(.ARM.Collect$$rtexit$$00000003) for __rt_exit_ls
    rtexit.o(.ARM.exidx) refers (Special) to rtexit2.o(.ARM.Collect$$rtexit$$00000002) for __rt_exit_prels_1
    rtexit.o(.ARM.exidx) refers to rtexit.o(.ARM.Collect$$rtexit$$00000000) for .ARM.Collect$$rtexit$$00000000
    libinit2.o(.ARM.Collect$$libinit$$0000000E) refers to libinit2.o(.ARM.Collect$$libinit$$0000000D) for .ARM.Collect$$libinit$$0000000D
    libinit2.o(.ARM.Collect$$libinit$$00000010) refers to libinit2.o(.ARM.Collect$$libinit$$0000000D) for .ARM.Collect$$libinit$$0000000D
    libinit2.o(.ARM.Collect$$libinit$$00000012) refers to libinit2.o(.ARM.Collect$$libinit$$0000000D) for .ARM.Collect$$libinit$$0000000D
    libinit2.o(.ARM.Collect$$libinit$$00000014) refers to libinit2.o(.ARM.Collect$$libinit$$0000000D) for .ARM.Collect$$libinit$$0000000D
    libinit2.o(.ARM.Collect$$libinit$$00000016) refers to libinit2.o(.ARM.Collect$$libinit$$0000000D) for .ARM.Collect$$libinit$$0000000D
    libinit2.o(.ARM.Collect$$libinit$$00000024) refers to argv_veneer.o(.emb_text) for __ARM_argv_veneer
    libinit2.o(.ARM.Collect$$libinit$$00000025) refers to argv_veneer.o(.emb_text) for __ARM_argv_veneer
    rtexit2.o(.ARM.Collect$$rtexit$$00000003) refers to libshutdown.o(.ARM.Collect$$libshutdown$$00000000) for __rt_lib_shutdown
    rtexit2.o(.ARM.Collect$$rtexit$$00000004) refers to retarget.o(.text) for _sys_exit
    rtexit2.o(.ARM.exidx) refers to rtexit2.o(.ARM.Collect$$rtexit$$00000001) for .ARM.Collect$$rtexit$$00000001
    rtexit2.o(.ARM.exidx) refers to rtexit2.o(.ARM.Collect$$rtexit$$00000003) for .ARM.Collect$$rtexit$$00000003
    rtexit2.o(.ARM.exidx) refers to rtexit2.o(.ARM.Collect$$rtexit$$00000004) for .ARM.Collect$$rtexit$$00000004
    argv_veneer.o(.emb_text) refers to no_argv.o(.text) for __ARM_get_argv
    _get_argv_nomalloc.o(.text) refers (Special) to hrguard.o(.text) for __heap_region$guard
    _get_argv_nomalloc.o(.text) refers to defsig_rtmem_outer.o(.text) for __rt_SIGRTMEM
    _get_argv_nomalloc.o(.text) refers to sys_command.o(.text) for _sys_command_string
    libshutdown.o(.ARM.Collect$$libshutdown$$00000000) refers (Special) to libshutdown2.o(.ARM.Collect$$libshutdown$$00000006) for __rt_lib_shutdown_fp_trap_1
    libshutdown.o(.ARM.Collect$$libshutdown$$00000000) refers (Special) to libshutdown2.o(.ARM.Collect$$libshutdown$$0000000E) for __rt_lib_shutdown_heap_1
    libshutdown.o(.ARM.Collect$$libshutdown$$00000000) refers (Special) to libshutdown2.o(.ARM.Collect$$libshutdown$$0000000F) for __rt_lib_shutdown_return
    libshutdown.o(.ARM.Collect$$libshutdown$$00000000) refers (Special) to libshutdown2.o(.ARM.Collect$$libshutdown$$00000009) for __rt_lib_shutdown_signal_1
    libshutdown.o(.ARM.Collect$$libshutdown$$00000000) refers (Special) to libshutdown2.o(.ARM.Collect$$libshutdown$$00000003) for __rt_lib_shutdown_stdio_1
    libshutdown.o(.ARM.Collect$$libshutdown$$00000000) refers (Special) to libshutdown2.o(.ARM.Collect$$libshutdown$$0000000B) for __rt_lib_shutdown_user_alloc_1
    sys_command.o(.text) refers (Special) to use_no_semi.o(.text) for __I$use$semihosting
    sys_command.o(.text) refers (Special) to indicate_semi.o(.text) for __semihosting_library_function
    defsig_rtmem_outer.o(.text) refers to defsig_rtmem_inner.o(.text) for __rt_SIGRTMEM_inner
    defsig_rtmem_outer.o(.text) refers to defsig_exit.o(.text) for __sig_exit
    defsig_rtmem_formal.o(.text) refers to rt_raise.o(.text) for __rt_raise
    rt_raise.o(.text) refers to __raise.o(.text) for __raise
    rt_raise.o(.text) refers to retarget.o(.text) for _sys_exit
    defsig_exit.o(.text) refers to retarget.o(.text) for _sys_exit
    defsig_rtmem_inner.o(.text) refers to defsig_general.o(.text) for __default_signal_display
    __raise.o(.text) refers to defsig.o(CL$$defsig) for __default_signal_handler
    defsig_general.o(.text) refers to retarget.o(.text) for _ttywrch
    defsig.o(CL$$defsig) refers to defsig_rtmem_inner.o(.text) for __rt_SIGRTMEM_inner
    defsig_abrt_inner.o(.text) refers to defsig_general.o(.text) for __default_signal_display
    defsig_fpe_inner.o(.text) refers to defsig_general.o(.text) for __default_signal_display
    defsig_rtred_inner.o(.text) refers to defsig_general.o(.text) for __default_signal_display
    defsig_stak_inner.o(.text) refers to defsig_general.o(.text) for __default_signal_display
    defsig_pvfn_inner.o(.text) refers to defsig_general.o(.text) for __default_signal_display
    defsig_cppl_inner.o(.text) refers to defsig_general.o(.text) for __default_signal_display
    defsig_segv_inner.o(.text) refers to defsig_general.o(.text) for __default_signal_display
    defsig_other.o(.text) refers to defsig_general.o(.text) for __default_signal_display


==============================================================================

Removing Unused input sections from the image.

    Removing uart_polling.o(.rev16_text), (4 bytes).
    Removing uart_polling.o(.revsh_text), (4 bytes).
    Removing retarget.o(.data), (8 bytes).
    Removing system_lpc17xx.o(.rev16_text), (4 bytes).
    Removing system_lpc17xx.o(.revsh_text), (4 bytes).
    Removing main_svc.o(.rev16_text), (4 bytes).
    Removing main_svc.o(.revsh_text), (4 bytes).
    Removing process.o(.rev16_text), (4 bytes).
    Removing process.o(.revsh_text), (4 bytes).
    Removing timer.o(.rev16_text), (4 bytes).
    Removing timer.o(.revsh_text), (4 bytes).
    Removing msg.o(.text), (268 bytes).
    Removing msg.o(.bss), (3584 bytes).

13 unused section(s) (total 3900 bytes) removed from the image.

==============================================================================

Memory Map of the image

  Image Entry point : 0x00000000

  Load Region LR_IROM1 (Base: 0x00000000, Size: 0x00000fc4, Max: 0x00080000, ABSOLUTE)

    Execution Region ER_IROM1 (Base: 0x00000000, Size: 0x00000f9c, Max: 0x00080000, ABSOLUTE)

    Base Addr    Size         Type   Attr      Idx    E Section Name        Object

    0x00000000   0x000000cc   Data   RO            3    RESET               startup_lpc17xx.o
    0x000000cc   0x00000008   Code   RO          303  * !!!main             c_w.l(__main.o)
    0x000000d4   0x00000002   Code   RO          330    .ARM.Collect$$libinit$$00000000  c_w.l(libinit.o)
    0x000000d6   0x00000000   Code   RO          337    .ARM.Collect$$libinit$$00000002  c_w.l(libinit2.o)
    0x000000d6   0x00000000   Code   RO          340    .ARM.Collect$$libinit$$00000008  c_w.l(libinit2.o)
    0x000000d6   0x00000000   Code   RO          342    .ARM.Collect$$libinit$$0000000A  c_w.l(libinit2.o)
    0x000000d6   0x00000000   Code   RO          344    .ARM.Collect$$libinit$$0000000C  c_w.l(libinit2.o)
    0x000000d6   0x00000000   Code   RO          347    .ARM.Collect$$libinit$$0000000F  c_w.l(libinit2.o)
    0x000000d6   0x00000000   Code   RO          349    .ARM.Collect$$libinit$$00000011  c_w.l(libinit2.o)
    0x000000d6   0x00000000   Code   RO          351    .ARM.Collect$$libinit$$00000013  c_w.l(libinit2.o)
    0x000000d6   0x00000000   Code   RO          353    .ARM.Collect$$libinit$$00000015  c_w.l(libinit2.o)
    0x000000d6   0x00000000   Code   RO          355    .ARM.Collect$$libinit$$00000017  c_w.l(libinit2.o)
    0x000000d6   0x00000000   Code   RO          357    .ARM.Collect$$libinit$$00000019  c_w.l(libinit2.o)
    0x000000d6   0x00000000   Code   RO          359    .ARM.Collect$$libinit$$0000001B  c_w.l(libinit2.o)
    0x000000d6   0x00000000   Code   RO          361    .ARM.Collect$$libinit$$0000001D  c_w.l(libinit2.o)
    0x000000d6   0x00000000   Code   RO          363    .ARM.Collect$$libinit$$0000001F  c_w.l(libinit2.o)
    0x000000d6   0x00000000   Code   RO          365    .ARM.Collect$$libinit$$00000021  c_w.l(libinit2.o)
    0x000000d6   0x00000000   Code   RO          367    .ARM.Collect$$libinit$$00000023  c_w.l(libinit2.o)
    0x000000d6   0x00000000   Code   RO          371    .ARM.Collect$$libinit$$0000002A  c_w.l(libinit2.o)
    0x000000d6   0x00000000   Code   RO          373    .ARM.Collect$$libinit$$0000002C  c_w.l(libinit2.o)
    0x000000d6   0x00000000   Code   RO          375    .ARM.Collect$$libinit$$0000002E  c_w.l(libinit2.o)
    0x000000d6   0x00000000   Code   RO          377    .ARM.Collect$$libinit$$00000030  c_w.l(libinit2.o)
    0x000000d6   0x00000002   Code   RO          378    .ARM.Collect$$libinit$$00000031  c_w.l(libinit2.o)
    0x000000d8   0x00000002   Code   RO          396    .ARM.Collect$$libshutdown$$00000000  c_w.l(libshutdown.o)
    0x000000da   0x00000000   Code   RO          407    .ARM.Collect$$libshutdown$$00000003  c_w.l(libshutdown2.o)
    0x000000da   0x00000000   Code   RO          410    .ARM.Collect$$libshutdown$$00000006  c_w.l(libshutdown2.o)
    0x000000da   0x00000000   Code   RO          413    .ARM.Collect$$libshutdown$$00000009  c_w.l(libshutdown2.o)
    0x000000da   0x00000000   Code   RO          415    .ARM.Collect$$libshutdown$$0000000B  c_w.l(libshutdown2.o)
    0x000000da   0x00000000   Code   RO          418    .ARM.Collect$$libshutdown$$0000000E  c_w.l(libshutdown2.o)
    0x000000da   0x00000002   Code   RO          419    .ARM.Collect$$libshutdown$$0000000F  c_w.l(libshutdown2.o)
    0x000000dc   0x00000000   Code   RO          305    .ARM.Collect$$rtentry$$00000000  c_w.l(rtentry.o)
    0x000000dc   0x00000000   Code   RO          307    .ARM.Collect$$rtentry$$00000002  c_w.l(rtentry2.o)
    0x000000dc   0x00000006   Code   RO          319    .ARM.Collect$$rtentry$$00000004  c_w.l(rtentry4.o)
    0x000000e2   0x00000000   Code   RO          309    .ARM.Collect$$rtentry$$00000009  c_w.l(rtentry2.o)
    0x000000e2   0x00000004   Code   RO          310    .ARM.Collect$$rtentry$$0000000A  c_w.l(rtentry2.o)
    0x000000e6   0x00000000   Code   RO          312    .ARM.Collect$$rtentry$$0000000C  c_w.l(rtentry2.o)
    0x000000e6   0x00000008   Code   RO          313    .ARM.Collect$$rtentry$$0000000D  c_w.l(rtentry2.o)
    0x000000ee   0x00000002   Code   RO          334    .ARM.Collect$$rtexit$$00000000  c_w.l(rtexit.o)
    0x000000f0   0x00000000   Code   RO          380    .ARM.Collect$$rtexit$$00000002  c_w.l(rtexit2.o)
    0x000000f0   0x00000004   Code   RO          381    .ARM.Collect$$rtexit$$00000003  c_w.l(rtexit2.o)
    0x000000f4   0x00000006   Code   RO          382    .ARM.Collect$$rtexit$$00000004  c_w.l(rtexit2.o)
    0x000000fa   0x00000002   PAD
    0x000000fc   0x0000002a   Code   RO          181    .emb_text           hal.o
    0x00000126   0x00000002   PAD
    0x00000128   0x0000000c   Code   RO          227    .emb_text           timer.o
    0x00000134   0x00000034   Code   RO            5    .text               startup_lpc17xx.o
    0x00000168   0x000000dc   Code   RO           15    .text               uart_polling.o
    0x00000244   0x00000056   Code   RO           57    .text               retarget.o
    0x0000029a   0x00000002   PAD
    0x0000029c   0x00000044   Code   RO          104    .text               main_svc.o
    0x000002e0   0x00000002   Code   RO          299    .text               c_w.l(use_no_semi.o)
    0x000002e2   0x00000006   Code   RO          301    .text               c_w.l(heapauxi.o)
    0x000002e8   0x0000000c   Code   RO          323    .text               c_w.l(exit.o)
    0x000002f4   0x00000008   Code   RO          331    .text               c_w.l(libspace.o)
    0x000002fc   0x00000004   Code   RO            4    .ARM.__at_0x02FC    startup_lpc17xx.o
    0x00000300   0x0000021c   Code   RO           81    .text               system_lpc17xx.o
    0x0000051c   0x000003fc   Code   RO          133    .text               process.o
    0x00000918   0x00000194   Code   RO          188    .text               mmu.o
    0x00000aac   0x000001fc   Code   RO          210    .text               p_queue.o
    0x00000ca8   0x0000004c   Code   RO          228    .text               timer.o
    0x00000cf4   0x00000250   Code   RO          282    .text               usr_proc.o
    0x00000f44   0x0000004a   Code   RO          321    .text               c_w.l(sys_stackheap_outer.o)
    0x00000f8e   0x0000000c   Data   RO          135    .conststring        process.o
    0x00000f9a   0x00000002   PAD
    0x00000f9c   0x00000000   Data   RO          449    Region$$Table       anon$$obj.o


    Execution Region RW_IRAM1 (Base: 0x10004000, Size: 0x00000410, Max: 0x00004000, ABSOLUTE)

    Base Addr    Size         Type   Attr      Idx    E Section Name        Object

    0x10004000   0x00000004   Data   RW           82    .data               system_lpc17xx.o
    0x10004004   0x0000000c   Data   RW          136    .data               process.o
    0x10004010   0x00000004   Data   RW          229    .data               timer.o
    0x10004014   0x00000014   Data   RW          283    .data               usr_proc.o
    0x10004028   0x00000178   Zero   RW          134    .bss                process.o
    0x100041a0   0x0000000c   Zero   RW          189    .bss                mmu.o
    0x100041ac   0x00000060   Zero   RW          332    .bss                c_w.l(libspace.o)
    0x1000420c   0x00000004   PAD
    0x10004210   0x00000000   Zero   RW            2    HEAP                startup_lpc17xx.o
    0x10004210   0x00000200   Zero   RW            1    STACK               startup_lpc17xx.o

